../Core/Src/main.c:30:6:led_init	16	static
../Core/Src/main.c:39:6:set_LED	16	static
../Core/Src/main.c:50:6:set_Brightness	24	static
../Core/Src/main.c:67:6:gpio_init	8	static
../Core/Src/main.c:74:6:pwm_init	8	static
../Core/Src/main.c:82:6:led_show	16	static
../Core/Src/main.c:120:5:main	8	static
../Core/Src/main.c:179:6:SystemClock_Config	88	static
../Core/Src/main.c:226:13:MX_TIM1_Init	96	static
../Core/Src/main.c:309:13:MX_TIM2_Init	64	static
../Core/Src/main.c:376:13:MX_TIM3_Init	64	static
../Core/Src/main.c:443:13:MX_TIM4_Init	64	static
../Core/Src/main.c:510:13:MX_TIM5_Init	64	static
../Core/Src/main.c:577:13:MX_GPIO_Init	16	static
../Core/Src/main.c:594:6:Error_Handler	4	static,ignoring_inline_asm
